2026-08-06 14:09:22,702 INFO o.a.j.u.JMeterUtils: Setting Locale to en_EN
2026-08-06 14:09:22,719 INFO o.a.j.JMeter: Loading user properties from: C:\Users\fraso\Documents\Proyectos\AgroNex\apache-jmeter-5.6.3\bin\user.properties
2026-08-06 14:09:22,720 INFO o.a.j.JMeter: Loading system properties from: C:\Users\fraso\Documents\Proyectos\AgroNex\apache-jmeter-5.6.3\bin\system.properties
2026-08-06 14:09:22,725 INFO o.a.j.JMeter: Copyright (c) 1998-2024 The Apache Software Foundation
2026-08-06 14:09:22,725 INFO o.a.j.JMeter: Version 5.6.3
2026-08-06 14:09:22,725 INFO o.a.j.JMeter: java.version=25.0.2
2026-08-06 14:09:22,725 INFO o.a.j.JMeter: java.vm.name=OpenJDK 64-Bit Server VM
2026-08-06 14:09:22,725 INFO o.a.j.JMeter: os.name=Windows 11
2026-08-06 14:09:22,725 INFO o.a.j.JMeter: os.arch=amd64
2026-08-06 14:09:22,725 INFO o.a.j.JMeter: os.version=10.0
2026-08-06 14:09:22,725 INFO o.a.j.JMeter: file.encoding=UTF-8
2026-08-06 14:09:22,725 INFO o.a.j.JMeter: java.awt.headless=true
2026-08-06 14:09:22,725 INFO o.a.j.JMeter: Max memory     =1073741824
2026-08-06 14:09:22,725 INFO o.a.j.JMeter: Available Processors =12
2026-08-06 14:09:22,737 INFO o.a.j.JMeter: Default Locale=English (EN)
2026-08-06 14:09:22,738 INFO o.a.j.JMeter: JMeter  Locale=English (EN)
2026-08-06 14:09:22,738 INFO o.a.j.JMeter: JMeterHome=C:\Users\fraso\Documents\Proyectos\AgroNex\apache-jmeter-5.6.3
2026-08-06 14:09:22,738 INFO o.a.j.JMeter: user.dir  =C:\Users\fraso\Documents\Proyectos\AgroNex
2026-08-06 14:09:22,738 INFO o.a.j.JMeter: PWD       =C:\Users\fraso\Documents\Proyectos\AgroNex
2026-08-06 14:09:22,740 INFO o.a.j.JMeter: IP: 192.168.100.7 Name: DESKTOP-NEOHOVD FullName: host.docker.internal
2026-08-06 14:09:22,748 INFO o.a.j.JMeter: Setting property 'jmeter.reportgenerator.outputdir' to:'C:\Users\fraso\Documents\Proyectos\AgroNex\jmeter-report-2'
2026-08-06 14:09:22,750 INFO o.a.j.s.FileServer: Default base='C:\Users\fraso\Documents\Proyectos\AgroNex'
2026-08-06 14:09:22,750 INFO o.a.j.s.FileServer: Set new base='C:\Users\fraso\Documents\Proyectos\AgroNex\backend\src\test\resources\jmeter'
2026-08-06 14:09:22,941 INFO o.a.j.s.SaveService: Testplan (JMX) version: 2.2. Testlog (JTL) version: 2.2
2026-08-06 14:09:22,956 INFO o.a.j.s.SaveService: Using SaveService properties version 5.0
2026-08-06 14:09:22,958 INFO o.a.j.s.SaveService: Using SaveService properties file encoding UTF-8
2026-08-06 14:09:22,961 INFO o.a.j.s.SaveService: Loading file: backend\src\test\resources\jmeter\webhook_load_test.jmx
2026-08-06 14:09:22,995 INFO o.a.j.p.h.s.HTTPSamplerBase: Parser for text/html is org.apache.jmeter.protocol.http.parser.LagartoBasedHtmlParser
2026-08-06 14:09:22,995 INFO o.a.j.p.h.s.HTTPSamplerBase: Parser for application/xhtml+xml is org.apache.jmeter.protocol.http.parser.LagartoBasedHtmlParser
2026-08-06 14:09:22,995 INFO o.a.j.p.h.s.HTTPSamplerBase: Parser for application/xml is org.apache.jmeter.protocol.http.parser.LagartoBasedHtmlParser
2026-08-06 14:09:22,995 INFO o.a.j.p.h.s.HTTPSamplerBase: Parser for text/xml is org.apache.jmeter.protocol.http.parser.LagartoBasedHtmlParser
2026-08-06 14:09:22,995 INFO o.a.j.p.h.s.HTTPSamplerBase: Parser for text/vnd.wap.wml is org.apache.jmeter.protocol.http.parser.RegexpHTMLParser
2026-08-06 14:09:22,995 INFO o.a.j.p.h.s.HTTPSamplerBase: Parser for text/css is org.apache.jmeter.protocol.http.parser.CssParser
2026-08-06 14:09:23,015 INFO o.a.j.JMeter: Creating summariser <summary>
2026-08-06 14:09:23,018 INFO o.a.j.r.d.ReportGenerator: ReportGenerator will use for Parsing the separator: ','
2026-08-06 14:09:23,018 INFO o.a.j.r.d.ReportGenerator: Will generate report at end of test from  results file: results.csv
2026-08-06 14:09:23,018 INFO o.a.j.r.d.ReportGenerator: Reading report generator properties from: C:\Users\fraso\Documents\Proyectos\AgroNex\apache-jmeter-5.6.3\bin\reportgenerator.properties
2026-08-06 14:09:23,019 INFO o.a.j.r.d.ReportGenerator: Merging with JMeter properties
2026-08-06 14:09:23,021 INFO o.a.j.r.c.ReportGeneratorConfiguration: Property 'jmeter.reportgenerator.temp_dir' not found, using default value 'temp' instead.
2026-08-06 14:09:23,023 INFO o.a.j.r.c.ReportGeneratorConfiguration: Property 'jmeter.reportgenerator.apdex_per_transaction' not found, using default value 'null' instead.
2026-08-06 14:09:23,023 INFO o.a.j.r.c.ReportGeneratorConfiguration: apdex_per_transaction is empty, not APDEX per transaction customization
2026-08-06 14:09:23,023 INFO o.a.j.r.c.ReportGeneratorConfiguration: Property 'jmeter.reportgenerator.sample_filter' not found, using default value 'null' instead.
2026-08-06 14:09:23,023 INFO o.a.j.r.c.ReportGeneratorConfiguration: Property 'jmeter.reportgenerator.report_title' not found, using default value 'null' instead.
2026-08-06 14:09:23,023 INFO o.a.j.r.c.ReportGeneratorConfiguration: Property 'jmeter.reportgenerator.start_date' not found, using default value 'null' instead.
2026-08-06 14:09:23,023 INFO o.a.j.r.c.ReportGeneratorConfiguration: Property 'jmeter.reportgenerator.end_date' not found, using default value 'null' instead.
2026-08-06 14:09:23,023 INFO o.a.j.r.c.ReportGeneratorConfiguration: Property 'jmeter.reportgenerator.date_format' not found, using default value 'null' instead.
2026-08-06 14:09:23,024 INFO o.a.j.r.c.ReportGeneratorConfiguration: Will use date range start date: null, end date: null
2026-08-06 14:09:23,026 INFO o.a.j.r.c.ReportGeneratorConfiguration: Property 'jmeter.reportgenerator.graph.totalTPS.exclude_controllers' not found, using default value 'false' instead.
2026-08-06 14:09:23,026 INFO o.a.j.r.c.ReportGeneratorConfiguration: Property 'jmeter.reportgenerator.graph.activeThreadsOverTime.exclude_controllers' not found, using default value 'false' instead.
2026-08-06 14:09:23,026 INFO o.a.j.r.c.ReportGeneratorConfiguration: Property 'jmeter.reportgenerator.graph.timeVsThreads.exclude_controllers' not found, using default value 'false' instead.
2026-08-06 14:09:23,026 INFO o.a.j.r.c.ReportGeneratorConfiguration: Property 'jmeter.reportgenerator.graph.responseTimeDistribution.exclude_controllers' not found, using default value 'false' instead.
2026-08-06 14:09:23,026 INFO o.a.j.r.c.ReportGeneratorConfiguration: Property 'jmeter.reportgenerator.graph.transactionsPerSecond.exclude_controllers' not found, using default value 'false' instead.
2026-08-06 14:09:23,026 INFO o.a.j.r.c.ReportGeneratorConfiguration: Property 'jmeter.reportgenerator.graph.responseTimePercentiles.exclude_controllers' not found, using default value 'false' instead.
2026-08-06 14:09:23,026 INFO o.a.j.r.c.ReportGeneratorConfiguration: Property 'jmeter.reportgenerator.graph.responseTimePercentilesOverTime.exclude_controllers' not found, using default value 'false' instead.
2026-08-06 14:09:23,026 INFO o.a.j.r.c.ReportGeneratorConfiguration: Property 'jmeter.reportgenerator.graph.responseTimesOverTime.exclude_controllers' not found, using default value 'false' instead.
2026-08-06 14:09:23,026 INFO o.a.j.r.c.ReportGeneratorConfiguration: Property 'jmeter.reportgenerator.graph.connectTimeOverTime.exclude_controllers' not found, using default value 'false' instead.
2026-08-06 14:09:23,026 INFO o.a.j.r.c.ReportGeneratorConfiguration: Property 'jmeter.reportgenerator.graph.latenciesOverTime.exclude_controllers' not found, using default value 'false' instead.
2026-08-06 14:09:23,027 INFO o.a.j.r.c.ReportGeneratorConfiguration: Property 'jmeter.reportgenerator.exporter.json.filters_only_sample_series' not found, using default value 'true' instead.
2026-08-06 14:09:23,027 INFO o.a.j.r.c.ReportGeneratorConfiguration: Property 'jmeter.reportgenerator.exporter.json.series_filter' not found, using default value '' instead.
2026-08-06 14:09:23,027 INFO o.a.j.r.c.ReportGeneratorConfiguration: Property 'jmeter.reportgenerator.exporter.json.show_controllers_only' not found, using default value 'false' instead.
2026-08-06 14:09:23,027 INFO o.a.j.r.c.ReportGeneratorConfiguration: Property 'jmeter.reportgenerator.exporter.html.filters_only_sample_series' not found, using default value 'true' instead.
2026-08-06 14:09:23,027 INFO o.a.j.r.c.ReportGeneratorConfiguration: Property 'jmeter.reportgenerator.exporter.html.series_filter' not found, using default value '' instead.
2026-08-06 14:09:23,027 INFO o.a.j.r.c.ReportGeneratorConfiguration: Property 'jmeter.reportgenerator.exporter.html.show_controllers_only' not found, using default value 'false' instead.
2026-08-06 14:09:23,036 INFO o.a.j.e.StandardJMeterEngine: Running the test!
2026-08-06 14:09:23,037 INFO o.a.j.s.SampleEvent: List of sample_variables: []
2026-08-06 14:09:23,037 INFO o.a.j.s.SampleEvent: List of sample_variables: []
2026-08-06 14:09:23,041 INFO o.a.j.e.u.CompoundVariable: Note: Function class names must contain the string: '.functions.'
2026-08-06 14:09:23,041 INFO o.a.j.e.u.CompoundVariable: Note: Function class names must not contain the string: '.gui.'
2026-08-06 14:09:23,092 INFO o.a.j.JMeter: Running test (1786036163092)
2026-08-06 14:09:23,104 INFO o.a.j.e.StandardJMeterEngine: Starting ThreadGroup: 1 : Webhook Load Generator
2026-08-06 14:09:23,104 INFO o.a.j.e.StandardJMeterEngine: Starting 50 threads for group Webhook Load Generator.
2026-08-06 14:09:23,104 INFO o.a.j.e.StandardJMeterEngine: Thread will continue on error
2026-08-06 14:09:23,105 INFO o.a.j.t.ThreadGroup: Starting thread group... number=1 threads=50 ramp-up=10 delayedStart=false
2026-08-06 14:09:23,124 INFO o.a.j.t.ThreadGroup: Started thread group number 1
2026-08-06 14:09:23,124 INFO o.a.j.e.StandardJMeterEngine: All thread groups have been started
2026-08-06 14:09:23,160 INFO o.a.j.t.JMeterThread: Thread started: Webhook Load Generator 1-1
2026-08-06 14:09:23,161 INFO o.a.j.s.FileServer: Stored: webhook_data.csv
2026-08-06 14:09:23,178 INFO o.a.j.p.h.s.HTTPHCAbstractImpl: Local host = DESKTOP-NEOHOVD
2026-08-06 14:09:23,183 INFO o.a.j.p.h.s.HTTPHC4Impl: HTTP request retry count = 0
2026-08-06 14:09:23,184 INFO o.a.j.s.SampleResult: Note: Sample TimeStamps are START times
2026-08-06 14:09:23,184 INFO o.a.j.s.SampleResult: sampleresult.default.encoding is set to UTF-8
2026-08-06 14:09:23,184 INFO o.a.j.s.SampleResult: sampleresult.useNanoTime=true
2026-08-06 14:09:23,184 INFO o.a.j.s.SampleResult: sampleresult.nanoThreadSleep=5000
2026-08-06 14:09:23,358 INFO o.a.j.t.JMeterThread: Thread started: Webhook Load Generator 1-2
2026-08-06 14:09:23,396 INFO o.a.j.t.JMeterThread: Thread is done: Webhook Load Generator 1-1
2026-08-06 14:09:23,396 INFO o.a.j.t.JMeterThread: Thread finished: Webhook Load Generator 1-1
2026-08-06 14:09:23,480 INFO o.a.j.t.JMeterThread: Thread is done: Webhook Load Generator 1-2
2026-08-06 14:09:23,480 INFO o.a.j.t.JMeterThread: Thread finished: Webhook Load Generator 1-2
2026-08-06 14:09:23,559 INFO o.a.j.t.JMeterThread: Thread started: Webhook Load Generator 1-3
2026-08-06 14:09:23,668 INFO o.a.j.t.JMeterThread: Thread is done: Webhook Load Generator 1-3
2026-08-06 14:09:23,668 INFO o.a.j.t.JMeterThread: Thread finished: Webhook Load Generator 1-3
2026-08-06 14:09:23,756 INFO o.a.j.t.JMeterThread: Thread started: Webhook Load Generator 1-4
2026-08-06 14:09:23,858 INFO o.a.j.t.JMeterThread: Thread is done: Webhook Load Generator 1-4
2026-08-06 14:09:23,858 INFO o.a.j.t.JMeterThread: Thread finished: Webhook Load Generator 1-4
2026-08-06 14:09:23,955 INFO o.a.j.t.JMeterThread: Thread started: Webhook Load Generator 1-5
2026-08-06 14:09:24,052 INFO o.a.j.t.JMeterThread: Thread is done: Webhook Load Generator 1-5
2026-08-06 14:09:24,052 INFO o.a.j.t.JMeterThread: Thread finished: Webhook Load Generator 1-5
2026-08-06 14:09:24,157 INFO o.a.j.t.JMeterThread: Thread started: Webhook Load Generator 1-6
2026-08-06 14:09:24,250 INFO o.a.j.t.JMeterThread: Thread is done: Webhook Load Generator 1-6
2026-08-06 14:09:24,250 INFO o.a.j.t.JMeterThread: Thread finished: Webhook Load Generator 1-6
2026-08-06 14:09:24,356 INFO o.a.j.t.JMeterThread: Thread started: Webhook Load Generator 1-7
2026-08-06 14:09:24,442 INFO o.a.j.t.JMeterThread: Thread is done: Webhook Load Generator 1-7
2026-08-06 14:09:24,442 INFO o.a.j.t.JMeterThread: Thread finished: Webhook Load Generator 1-7
2026-08-06 14:09:24,555 INFO o.a.j.t.JMeterThread: Thread started: Webhook Load Generator 1-8
2026-08-06 14:09:24,646 INFO o.a.j.t.JMeterThread: Thread is done: Webhook Load Generator 1-8
2026-08-06 14:09:24,646 INFO o.a.j.t.JMeterThread: Thread finished: Webhook Load Generator 1-8
2026-08-06 14:09:24,755 INFO o.a.j.t.JMeterThread: Thread started: Webhook Load Generator 1-9
2026-08-06 14:09:24,840 INFO o.a.j.t.JMeterThread: Thread is done: Webhook Load Generator 1-9
2026-08-06 14:09:24,840 INFO o.a.j.t.JMeterThread: Thread finished: Webhook Load Generator 1-9
2026-08-06 14:09:24,955 INFO o.a.j.t.JMeterThread: Thread started: Webhook Load Generator 1-10
2026-08-06 14:09:25,038 INFO o.a.j.t.JMeterThread: Thread is done: Webhook Load Generator 1-10
2026-08-06 14:09:25,038 INFO o.a.j.t.JMeterThread: Thread finished: Webhook Load Generator 1-10
2026-08-06 14:09:25,154 INFO o.a.j.t.JMeterThread: Thread started: Webhook Load Generator 1-11
2026-08-06 14:09:25,238 INFO o.a.j.t.JMeterThread: Thread is done: Webhook Load Generator 1-11
2026-08-06 14:09:25,238 INFO o.a.j.t.JMeterThread: Thread finished: Webhook Load Generator 1-11
2026-08-06 14:09:25,354 INFO o.a.j.t.JMeterThread: Thread started: Webhook Load Generator 1-12
2026-08-06 14:09:25,437 INFO o.a.j.t.JMeterThread: Thread is done: Webhook Load Generator 1-12
2026-08-06 14:09:25,437 INFO o.a.j.t.JMeterThread: Thread finished: Webhook Load Generator 1-12
2026-08-06 14:09:25,553 INFO o.a.j.t.JMeterThread: Thread started: Webhook Load Generator 1-13
2026-08-06 14:09:25,654 INFO o.a.j.t.JMeterThread: Thread is done: Webhook Load Generator 1-13
2026-08-06 14:09:25,654 INFO o.a.j.t.JMeterThread: Thread finished: Webhook Load Generator 1-13
2026-08-06 14:09:25,754 INFO o.a.j.t.JMeterThread: Thread started: Webhook Load Generator 1-14
2026-08-06 14:09:25,835 INFO o.a.j.t.JMeterThread: Thread is done: Webhook Load Generator 1-14
2026-08-06 14:09:25,835 INFO o.a.j.t.JMeterThread: Thread finished: Webhook Load Generator 1-14
2026-08-06 14:09:25,952 INFO o.a.j.t.JMeterThread: Thread started: Webhook Load Generator 1-15
2026-08-06 14:09:26,034 INFO o.a.j.t.JMeterThread: Thread is done: Webhook Load Generator 1-15
2026-08-06 14:09:26,034 INFO o.a.j.t.JMeterThread: Thread finished: Webhook Load Generator 1-15
2026-08-06 14:09:26,152 INFO o.a.j.t.JMeterThread: Thread started: Webhook Load Generator 1-16
2026-08-06 14:09:26,229 INFO o.a.j.t.JMeterThread: Thread is done: Webhook Load Generator 1-16
2026-08-06 14:09:26,229 INFO o.a.j.t.JMeterThread: Thread finished: Webhook Load Generator 1-16
2026-08-06 14:09:26,352 INFO o.a.j.t.JMeterThread: Thread started: Webhook Load Generator 1-17
2026-08-06 14:09:26,434 INFO o.a.j.t.JMeterThread: Thread is done: Webhook Load Generator 1-17
2026-08-06 14:09:26,434 INFO o.a.j.t.JMeterThread: Thread finished: Webhook Load Generator 1-17
2026-08-06 14:09:26,553 INFO o.a.j.t.JMeterThread: Thread started: Webhook Load Generator 1-18
2026-08-06 14:09:26,674 INFO o.a.j.t.JMeterThread: Thread is done: Webhook Load Generator 1-18
2026-08-06 14:09:26,674 INFO o.a.j.t.JMeterThread: Thread finished: Webhook Load Generator 1-18
2026-08-06 14:09:26,751 INFO o.a.j.t.JMeterThread: Thread started: Webhook Load Generator 1-19
2026-08-06 14:09:26,833 INFO o.a.j.t.JMeterThread: Thread is done: Webhook Load Generator 1-19
2026-08-06 14:09:26,833 INFO o.a.j.t.JMeterThread: Thread finished: Webhook Load Generator 1-19
2026-08-06 14:09:26,952 INFO o.a.j.t.JMeterThread: Thread started: Webhook Load Generator 1-20
2026-08-06 14:09:27,030 INFO o.a.j.t.JMeterThread: Thread is done: Webhook Load Generator 1-20
2026-08-06 14:09:27,030 INFO o.a.j.t.JMeterThread: Thread finished: Webhook Load Generator 1-20
2026-08-06 14:09:27,151 INFO o.a.j.t.JMeterThread: Thread started: Webhook Load Generator 1-21
2026-08-06 14:09:27,230 INFO o.a.j.t.JMeterThread: Thread is done: Webhook Load Generator 1-21
2026-08-06 14:09:27,231 INFO o.a.j.t.JMeterThread: Thread finished: Webhook Load Generator 1-21
2026-08-06 14:09:27,351 INFO o.a.j.t.JMeterThread: Thread started: Webhook Load Generator 1-22
2026-08-06 14:09:27,426 INFO o.a.j.t.JMeterThread: Thread is done: Webhook Load Generator 1-22
2026-08-06 14:09:27,426 INFO o.a.j.t.JMeterThread: Thread finished: Webhook Load Generator 1-22
2026-08-06 14:09:27,551 INFO o.a.j.t.JMeterThread: Thread started: Webhook Load Generator 1-23
2026-08-06 14:09:27,634 INFO o.a.j.t.JMeterThread: Thread is done: Webhook Load Generator 1-23
2026-08-06 14:09:27,634 INFO o.a.j.t.JMeterThread: Thread finished: Webhook Load Generator 1-23
2026-08-06 14:09:27,750 INFO o.a.j.t.JMeterThread: Thread started: Webhook Load Generator 1-24
2026-08-06 14:09:27,831 INFO o.a.j.t.JMeterThread: Thread is done: Webhook Load Generator 1-24
2026-08-06 14:09:27,831 INFO o.a.j.t.JMeterThread: Thread finished: Webhook Load Generator 1-24
2026-08-06 14:09:27,950 INFO o.a.j.t.JMeterThread: Thread started: Webhook Load Generator 1-25
2026-08-06 14:09:28,024 INFO o.a.j.t.JMeterThread: Thread is done: Webhook Load Generator 1-25
2026-08-06 14:09:28,024 INFO o.a.j.t.JMeterThread: Thread finished: Webhook Load Generator 1-25
2026-08-06 14:09:28,150 INFO o.a.j.t.JMeterThread: Thread started: Webhook Load Generator 1-26
2026-08-06 14:09:28,226 INFO o.a.j.t.JMeterThread: Thread is done: Webhook Load Generator 1-26
2026-08-06 14:09:28,226 INFO o.a.j.t.JMeterThread: Thread finished: Webhook Load Generator 1-26
2026-08-06 14:09:28,349 INFO o.a.j.t.JMeterThread: Thread started: Webhook Load Generator 1-27
2026-08-06 14:09:28,422 INFO o.a.j.t.JMeterThread: Thread is done: Webhook Load Generator 1-27
2026-08-06 14:09:28,422 INFO o.a.j.t.JMeterThread: Thread finished: Webhook Load Generator 1-27
2026-08-06 14:09:28,549 INFO o.a.j.t.JMeterThread: Thread started: Webhook Load Generator 1-28
2026-08-06 14:09:28,624 INFO o.a.j.t.JMeterThread: Thread is done: Webhook Load Generator 1-28
2026-08-06 14:09:28,624 INFO o.a.j.t.JMeterThread: Thread finished: Webhook Load Generator 1-28
2026-08-06 14:09:28,747 INFO o.a.j.t.JMeterThread: Thread started: Webhook Load Generator 1-29
2026-08-06 14:09:28,833 INFO o.a.j.t.JMeterThread: Thread is done: Webhook Load Generator 1-29
2026-08-06 14:09:28,833 INFO o.a.j.t.JMeterThread: Thread finished: Webhook Load Generator 1-29
2026-08-06 14:09:28,948 INFO o.a.j.t.JMeterThread: Thread started: Webhook Load Generator 1-30
2026-08-06 14:09:29,023 INFO o.a.j.t.JMeterThread: Thread is done: Webhook Load Generator 1-30
2026-08-06 14:09:29,024 INFO o.a.j.t.JMeterThread: Thread finished: Webhook Load Generator 1-30
2026-08-06 14:09:29,147 INFO o.a.j.t.JMeterThread: Thread started: Webhook Load Generator 1-31
2026-08-06 14:09:29,223 INFO o.a.j.t.JMeterThread: Thread is done: Webhook Load Generator 1-31
2026-08-06 14:09:29,223 INFO o.a.j.t.JMeterThread: Thread finished: Webhook Load Generator 1-31
2026-08-06 14:09:29,347 INFO o.a.j.t.JMeterThread: Thread started: Webhook Load Generator 1-32
2026-08-06 14:09:29,425 INFO o.a.j.t.JMeterThread: Thread is done: Webhook Load Generator 1-32
2026-08-06 14:09:29,425 INFO o.a.j.t.JMeterThread: Thread finished: Webhook Load Generator 1-32
2026-08-06 14:09:29,549 INFO o.a.j.t.JMeterThread: Thread started: Webhook Load Generator 1-33
2026-08-06 14:09:29,623 INFO o.a.j.t.JMeterThread: Thread is done: Webhook Load Generator 1-33
2026-08-06 14:09:29,623 INFO o.a.j.t.JMeterThread: Thread finished: Webhook Load Generator 1-33
2026-08-06 14:09:29,745 INFO o.a.j.t.JMeterThread: Thread started: Webhook Load Generator 1-34
2026-08-06 14:09:29,818 INFO o.a.j.t.JMeterThread: Thread is done: Webhook Load Generator 1-34
2026-08-06 14:09:29,818 INFO o.a.j.t.JMeterThread: Thread finished: Webhook Load Generator 1-34
2026-08-06 14:09:29,945 INFO o.a.j.t.JMeterThread: Thread started: Webhook Load Generator 1-35
2026-08-06 14:09:30,002 INFO o.a.j.r.Summariser: summary +   3471 in 00:00:07 =  502.5/s Avg:     0 Min:     0 Max:    23 Err:     0 (0.00%) Active: 1 Started: 35 Finished: 34
2026-08-06 14:09:30,025 INFO o.a.j.t.JMeterThread: Thread is done: Webhook Load Generator 1-35
2026-08-06 14:09:30,025 INFO o.a.j.t.JMeterThread: Thread finished: Webhook Load Generator 1-35
2026-08-06 14:09:30,144 INFO o.a.j.t.JMeterThread: Thread started: Webhook Load Generator 1-36
2026-08-06 14:09:30,217 INFO o.a.j.t.JMeterThread: Thread is done: Webhook Load Generator 1-36
2026-08-06 14:09:30,217 INFO o.a.j.t.JMeterThread: Thread finished: Webhook Load Generator 1-36
2026-08-06 14:09:30,345 INFO o.a.j.t.JMeterThread: Thread started: Webhook Load Generator 1-37
2026-08-06 14:09:30,419 INFO o.a.j.t.JMeterThread: Thread is done: Webhook Load Generator 1-37
2026-08-06 14:09:30,419 INFO o.a.j.t.JMeterThread: Thread finished: Webhook Load Generator 1-37
2026-08-06 14:09:30,543 INFO o.a.j.t.JMeterThread: Thread started: Webhook Load Generator 1-38
2026-08-06 14:09:30,617 INFO o.a.j.t.JMeterThread: Thread is done: Webhook Load Generator 1-38
2026-08-06 14:09:30,617 INFO o.a.j.t.JMeterThread: Thread finished: Webhook Load Generator 1-38
2026-08-06 14:09:30,743 INFO o.a.j.t.JMeterThread: Thread started: Webhook Load Generator 1-39
2026-08-06 14:09:30,817 INFO o.a.j.t.JMeterThread: Thread is done: Webhook Load Generator 1-39
2026-08-06 14:09:30,818 INFO o.a.j.t.JMeterThread: Thread finished: Webhook Load Generator 1-39
2026-08-06 14:09:30,944 INFO o.a.j.t.JMeterThread: Thread started: Webhook Load Generator 1-40
2026-08-06 14:09:31,019 INFO o.a.j.t.JMeterThread: Thread is done: Webhook Load Generator 1-40
2026-08-06 14:09:31,019 INFO o.a.j.t.JMeterThread: Thread finished: Webhook Load Generator 1-40
2026-08-06 14:09:31,143 INFO o.a.j.t.JMeterThread: Thread started: Webhook Load Generator 1-41
2026-08-06 14:09:31,215 INFO o.a.j.t.JMeterThread: Thread is done: Webhook Load Generator 1-41
2026-08-06 14:09:31,215 INFO o.a.j.t.JMeterThread: Thread finished: Webhook Load Generator 1-41
2026-08-06 14:09:31,343 INFO o.a.j.t.JMeterThread: Thread started: Webhook Load Generator 1-42
2026-08-06 14:09:31,414 INFO o.a.j.t.JMeterThread: Thread is done: Webhook Load Generator 1-42
2026-08-06 14:09:31,414 INFO o.a.j.t.JMeterThread: Thread finished: Webhook Load Generator 1-42
2026-08-06 14:09:31,541 INFO o.a.j.t.JMeterThread: Thread started: Webhook Load Generator 1-43
2026-08-06 14:09:31,614 INFO o.a.j.t.JMeterThread: Thread is done: Webhook Load Generator 1-43
2026-08-06 14:09:31,614 INFO o.a.j.t.JMeterThread: Thread finished: Webhook Load Generator 1-43
2026-08-06 14:09:31,742 INFO o.a.j.t.JMeterThread: Thread started: Webhook Load Generator 1-44
2026-08-06 14:09:31,817 INFO o.a.j.t.JMeterThread: Thread is done: Webhook Load Generator 1-44
2026-08-06 14:09:31,817 INFO o.a.j.t.JMeterThread: Thread finished: Webhook Load Generator 1-44
2026-08-06 14:09:31,944 INFO o.a.j.t.JMeterThread: Thread started: Webhook Load Generator 1-45
2026-08-06 14:09:32,023 INFO o.a.j.t.JMeterThread: Thread is done: Webhook Load Generator 1-45
2026-08-06 14:09:32,023 INFO o.a.j.t.JMeterThread: Thread finished: Webhook Load Generator 1-45
2026-08-06 14:09:32,143 INFO o.a.j.t.JMeterThread: Thread started: Webhook Load Generator 1-46
2026-08-06 14:09:32,217 INFO o.a.j.t.JMeterThread: Thread is done: Webhook Load Generator 1-46
2026-08-06 14:09:32,217 INFO o.a.j.t.JMeterThread: Thread finished: Webhook Load Generator 1-46
2026-08-06 14:09:32,342 INFO o.a.j.t.JMeterThread: Thread started: Webhook Load Generator 1-47
2026-08-06 14:09:32,419 INFO o.a.j.t.JMeterThread: Thread is done: Webhook Load Generator 1-47
2026-08-06 14:09:32,419 INFO o.a.j.t.JMeterThread: Thread finished: Webhook Load Generator 1-47
2026-08-06 14:09:32,542 INFO o.a.j.t.JMeterThread: Thread started: Webhook Load Generator 1-48
2026-08-06 14:09:32,615 INFO o.a.j.t.JMeterThread: Thread is done: Webhook Load Generator 1-48
2026-08-06 14:09:32,615 INFO o.a.j.t.JMeterThread: Thread finished: Webhook Load Generator 1-48
2026-08-06 14:09:32,741 INFO o.a.j.t.JMeterThread: Thread started: Webhook Load Generator 1-49
2026-08-06 14:09:32,819 INFO o.a.j.t.JMeterThread: Thread is done: Webhook Load Generator 1-49
2026-08-06 14:09:32,819 INFO o.a.j.t.JMeterThread: Thread finished: Webhook Load Generator 1-49
2026-08-06 14:09:32,940 INFO o.a.j.t.JMeterThread: Thread started: Webhook Load Generator 1-50
2026-08-06 14:09:33,015 INFO o.a.j.t.JMeterThread: Thread is done: Webhook Load Generator 1-50
2026-08-06 14:09:33,016 INFO o.a.j.t.JMeterThread: Thread finished: Webhook Load Generator 1-50
2026-08-06 14:09:33,016 INFO o.a.j.e.StandardJMeterEngine: Notifying test listeners of end of test
2026-08-06 14:09:33,016 INFO o.a.j.s.FileServer: Close: webhook_data.csv
2026-08-06 14:09:33,018 INFO o.a.j.r.Summariser: summary +   1529 in 00:00:03 =  506.6/s Avg:     0 Min:     0 Max:     4 Err:     0 (0.00%) Active: 0 Started: 50 Finished: 50
2026-08-06 14:09:33,018 INFO o.a.j.r.Summariser: summary =   5000 in 00:00:10 =  503.7/s Avg:     0 Min:     0 Max:    23 Err:     0 (0.00%)
2026-08-06 14:09:33,018 INFO o.a.j.JMeter: Generating Dashboard
2026-08-06 14:09:33,018 INFO o.a.j.r.d.ReportGenerator: Flushing result collector before report Generation
2026-08-06 14:09:33,028 INFO o.a.j.r.p.NormalizerSampleConsumer: Using format, 'ms', to parse timeStamp field
2026-08-06 14:09:33,221 INFO o.a.j.r.p.AbstractSampleConsumer: class org.apache.jmeter.report.processor.AggregateConsumer#stopProducing(): beginDate produced 0 samples
2026-08-06 14:09:33,221 INFO o.a.j.r.p.AbstractSampleConsumer: class org.apache.jmeter.report.processor.AggregateConsumer#stopProducing(): endDate produced 0 samples
2026-08-06 14:09:33,222 INFO o.a.j.r.p.AbstractSampleConsumer: class org.apache.jmeter.report.processor.ApdexSummaryConsumer#stopProducing(): apdexSummary produced 0 samples
2026-08-06 14:09:33,222 INFO o.a.j.r.p.AbstractSampleConsumer: class org.apache.jmeter.report.processor.RequestsSummaryConsumer#stopProducing(): requestsSummary produced 0 samples
2026-08-06 14:09:33,229 INFO o.a.j.r.p.AbstractSampleConsumer: class org.apache.jmeter.report.processor.StatisticsSummaryConsumer#stopProducing(): statisticsSummary produced 0 samples
2026-08-06 14:09:33,230 INFO o.a.j.r.p.AbstractSampleConsumer: class org.apache.jmeter.report.processor.Top5ErrorsBySamplerConsumer#stopProducing(): top5ErrorsBySampler produced 0 samples
2026-08-06 14:09:33,230 INFO o.a.j.r.p.AbstractSampleConsumer: class org.apache.jmeter.report.processor.ErrorsSummaryConsumer#stopProducing(): errorsSummary produced 0 samples
2026-08-06 14:09:33,230 INFO o.a.j.r.p.AbstractSampleConsumer: class org.apache.jmeter.report.processor.graph.impl.HitsPerSecondGraphConsumer#stopProducing(): hitsPerSecond produced 0 samples
2026-08-06 14:09:33,279 INFO o.a.j.r.p.AbstractSampleConsumer: class org.apache.jmeter.report.processor.graph.impl.LatencyVSRequestGraphConsumer#stopProducing(): latencyVsRequest produced 0 samples
2026-08-06 14:09:33,280 INFO o.a.j.r.p.AbstractSampleConsumer: class org.apache.jmeter.report.processor.graph.impl.SyntheticResponseTimeDistributionGraphConsumer#stopProducing(): syntheticResponseTimeDistribution produced 0 samples
2026-08-06 14:09:33,281 INFO o.a.j.r.p.AbstractSampleConsumer: class org.apache.jmeter.report.processor.graph.impl.BytesThroughputGraphConsumer#stopProducing(): bytesThroughputOverTime produced 0 samples
2026-08-06 14:09:33,281 INFO o.a.j.r.p.AbstractSampleConsumer: class org.apache.jmeter.report.processor.graph.impl.CodesPerSecondGraphConsumer#stopProducing(): codesPerSecond produced 0 samples
2026-08-06 14:09:33,303 INFO o.a.j.r.p.AbstractSampleConsumer: class org.apache.jmeter.report.processor.graph.impl.ResponseTimeVSRequestGraphConsumer#stopProducing(): responseTimeVsRequest produced 0 samples
2026-08-06 14:09:33,304 INFO o.a.j.r.p.AbstractSampleConsumer: class org.apache.jmeter.report.processor.FilterConsumer#stopProducing(): startIntervalControlerFilter produced 35000 samples
2026-08-06 14:09:33,304 INFO o.a.j.r.p.AbstractSampleConsumer: class org.apache.jmeter.report.processor.graph.impl.TotalTPSGraphConsumer#stopProducing(): totalTPS produced 0 samples
2026-08-06 14:09:33,304 INFO o.a.j.r.p.AbstractSampleConsumer: class org.apache.jmeter.report.processor.graph.impl.ActiveThreadsGraphConsumer#stopProducing(): activeThreadsOverTime produced 0 samples
2026-08-06 14:09:33,304 INFO o.a.j.r.p.AbstractSampleConsumer: class org.apache.jmeter.report.processor.graph.impl.TimeVSThreadGraphConsumer#stopProducing(): timeVsThreads produced 0 samples
2026-08-06 14:09:33,304 INFO o.a.j.r.p.AbstractSampleConsumer: class org.apache.jmeter.report.processor.graph.impl.ResponseTimeDistributionGraphConsumer#stopProducing(): responseTimeDistribution produced 0 samples
2026-08-06 14:09:33,304 INFO o.a.j.r.p.AbstractSampleConsumer: class org.apache.jmeter.report.processor.graph.impl.TransactionsPerSecondGraphConsumer#stopProducing(): transactionsPerSecond produced 0 samples
2026-08-06 14:09:33,305 INFO o.a.j.r.p.AbstractSampleConsumer: class org.apache.jmeter.report.processor.graph.impl.ResponseTimePercentilesGraphConsumer#stopProducing(): responseTimePercentiles produced 0 samples
2026-08-06 14:09:33,305 INFO o.a.j.r.p.AbstractSampleConsumer: class org.apache.jmeter.report.processor.graph.impl.ResponseTimePercentilesOverTimeGraphConsumer#stopProducing(): responseTimePercentilesOverTime produced 0 samples
2026-08-06 14:09:33,306 INFO o.a.j.r.p.AbstractSampleConsumer: class org.apache.jmeter.report.processor.graph.impl.ResponseTimeOverTimeGraphConsumer#stopProducing(): responseTimesOverTime produced 0 samples
2026-08-06 14:09:33,306 INFO o.a.j.r.p.AbstractSampleConsumer: class org.apache.jmeter.report.processor.graph.impl.ConnectTimeOverTimeGraphConsumer#stopProducing(): connectTimeOverTime produced 0 samples
2026-08-06 14:09:33,306 INFO o.a.j.r.p.AbstractSampleConsumer: class org.apache.jmeter.report.processor.graph.impl.LatencyOverTimeGraphConsumer#stopProducing(): latenciesOverTime produced 0 samples
2026-08-06 14:09:33,306 INFO o.a.j.r.p.AbstractSampleConsumer: class org.apache.jmeter.report.processor.FilterConsumer#stopProducing(): nameFilter produced 75000 samples
2026-08-06 14:09:33,306 INFO o.a.j.r.p.AbstractSampleConsumer: class org.apache.jmeter.report.processor.FilterConsumer#stopProducing(): dateRangeFilter produced 15000 samples
2026-08-06 14:09:33,307 INFO o.a.j.r.p.AbstractSampleConsumer: class org.apache.jmeter.report.processor.NormalizerSampleConsumer#stopProducing(): normalizer produced 5000 samples
2026-08-06 14:09:33,307 INFO o.a.j.r.p.CsvFileSampleSource: produce(): 5000 samples produced in 258ms on channel 0
2026-08-06 14:09:33,307 INFO o.a.j.r.d.ReportGenerator: Exporting data using exporter:'json' of className:'org.apache.jmeter.report.dashboard.JsonExporter'
2026-08-06 14:09:33,362 INFO o.a.j.r.d.JsonExporter: Found data for consumer statisticsSummary in context
2026-08-06 14:09:33,362 INFO o.a.j.r.d.JsonExporter: Creating statistics for overall
2026-08-06 14:09:33,362 INFO o.a.j.r.d.JsonExporter: Creating statistics for other transactions
2026-08-06 14:09:33,364 INFO o.a.j.r.d.JsonExporter: Checking output folder
2026-08-06 14:09:33,364 INFO o.a.j.r.d.JsonExporter: Writing statistics JSON to C:\Users\fraso\Documents\Proyectos\AgroNex\jmeter-report-2\statistics.json
2026-08-06 14:09:33,395 INFO o.a.j.r.d.ReportGenerator: Exporting data using exporter:'html' of className:'org.apache.jmeter.report.dashboard.HtmlTemplateExporter'
2026-08-06 14:09:33,397 INFO o.a.j.r.d.HtmlTemplateExporter: Will generate dashboard in folder: C:\Users\fraso\Documents\Proyectos\AgroNex\jmeter-report-2
2026-08-06 14:09:33,463 INFO o.a.j.r.d.HtmlTemplateExporter: Report will be generated in: C:\Users\fraso\Documents\Proyectos\AgroNex\jmeter-report-2, creating folder structure
2026-08-06 14:09:33,465 INFO o.a.j.r.d.TemplateVisitor: Copying folder from 'C:\Users\fraso\Documents\Proyectos\AgroNex\apache-jmeter-5.6.3\bin\report-template' to 'C:\Users\fraso\Documents\Proyectos\AgroNex\jmeter-report-2', got message: C:\Users\fraso\Documents\Proyectos\AgroNex\jmeter-report-2, found non empty folder with following content [C:\Users\fraso\Documents\Proyectos\AgroNex\jmeter-report-2\statistics.json], will be ignored
2026-08-06 14:09:33,692 INFO o.a.j.JMeter: Dashboard generated
